info: downloading installer
warn: It looks like you have an existing installation of Rust at:
warn: /usr/bin
warn: It is recommended that rustup be the primary Rust installation.
warn: Otherwise you may have confusion unless you are careful with your PATH.
warn: If you are sure that you want both rustup and your already installed Rust
warn: then please reply `y' or `yes' or set RUSTUP_INIT_SKIP_PATH_CHECK to yes
warn: or pass `-y' to ignore all ignorable checks.
error: cannot install while Rust is installed
warn: continuing (because the -y flag is set and the error is ignorable)
warn: It looks like you have an existing rustup settings file at:
warn: /home/kaustubh/.rustup/settings.toml
warn: Rustup will install the default toolchain as specified in the settings file,
warn: instead of the one inferred from the default host triple.
info: profile set to 'default'
info: default host triple is x86_64-unknown-linux-gnu
warn: Updating existing toolchain, profile choice will be ignored
info: syncing channel updates for 'stable-x86_64-unknown-linux-gnu'
info: default toolchain set to 'stable-x86_64-unknown-linux-gnu'

  stable-x86_64-unknown-linux-gnu unchanged - rustc 1.87.0 (17067e9ac 2025-05-09)


Rust is installed now. Great!

To get started you may need to restart your current shell.
This would reload your PATH environment variable to include
Cargo's bin directory ($HOME/.cargo/bin).

To configure your current shell, you need to source
the corresponding env file under $HOME/.cargo.

This is usually done by running one of the following (note the leading DOT):
. "$HOME/.cargo/env"            # For sh/bash/zsh/ash/dash/pdksh
source "$HOME/.cargo/env.fish"  # For fish
source $"($nu.home-path)/.cargo/env.nu"  # For nushell
    Updating crates.io index
 Downloading crates ...
  Downloaded wallust v3.3.0
  Installing wallust v3.3.0
    Updating crates.io index
     Locking 234 packages to latest compatible versions
      Adding kmeans_colors v0.6.0 (available: v0.7.0)
 Downloading crates ...
  Downloaded arg_enum_proc_macro v0.3.4
  Downloaded num-derive v0.4.2
  Downloaded darling_macro v0.20.11
  Downloaded num-integer v0.1.46
  Downloaded color_quant v1.1.0
  Downloaded noop_proc_macro v0.3.0
  Downloaded equivalent v1.0.2
  Downloaded maybe-rayon v0.1.1
  Downloaded ident_case v1.0.1
  Downloaded num-conv v0.1.0
  Downloaded new_debug_unreachable v1.0.6
  Downloaded num_threads v0.1.7
  Downloaded stable_deref_trait v1.2.0
  Downloaded derive_builder_macro v0.20.2
  Downloaded is_terminal_polyfill v1.70.1
  Downloaded loop9 v0.1.5
  Downloaded option-ext v0.2.0
  Downloaded simd_helpers v0.1.0
  Downloaded anstyle-parse v0.2.6
  Downloaded autocfg v1.4.0
  Downloaded by_address v1.2.1
  Downloaded profiling-procmacros v1.0.16
  Downloaded cfg-if v1.0.0
  Downloaded bitflags v1.3.2
  Downloaded bit_field v0.10.2
  Downloaded anstyle-query v1.1.2
  Downloaded aligned-vec v0.5.0
  Downloaded fastrand v2.3.0
  Downloaded clap_lex v0.7.4
  Downloaded colorchoice v1.0.3
  Downloaded byteorder-lite v0.1.0
  Downloaded approx v0.5.1
  Downloaded dirs v6.0.0
  Downloaded heck v0.4.1
  Downloaded fast-srgb8 v1.0.0
  Downloaded dunce v1.0.5
  Downloaded crossbeam-deque v0.8.6
  Downloaded adler2 v2.0.0
  Downloaded glob v0.3.2
  Downloaded itoa v1.0.15
  Downloaded dirs-sys v0.5.0
  Downloaded either v1.15.0
  Downloaded document-features v0.2.11
  Downloaded idna_adapter v1.2.1
  Downloaded form_urlencoded v1.2.1
  Downloaded lazy_static v1.5.0
  Downloaded strum v0.24.1
  Downloaded heck v0.5.0
  Downloaded num-traits v0.2.19
  Downloaded deranged v0.4.0
  Downloaded lebe v0.5.2
  Downloaded yoke-derive v0.8.0
  Downloaded avif-serialize v0.8.3
  Downloaded av1-grain v0.2.4
  Downloaded zerofrom v0.1.6
  Downloaded fnv v1.0.7
  Downloaded maplit v1.0.2
  Downloaded zune-core v0.4.12
  Downloaded cargo-platform v0.1.9
  Downloaded memo-map v0.3.3
  Downloaded fdeflate v0.3.7
  Downloaded anstream v0.6.18
  Downloaded camino v1.1.9
  Downloaded built v0.7.7
  Downloaded bitstream-io v2.6.0
  Downloaded crc32fast v1.4.2
  Downloaded potential_utf v0.1.2
  Downloaded anstyle v1.0.10
  Downloaded rand_chacha v0.3.1
  Downloaded paste v1.0.15
  Downloaded arrayvec v0.7.6
  Downloaded clap_derive v4.5.32
  Downloaded cargo_metadata v0.19.2
  Downloaded derive_builder_core v0.20.2
  Downloaded v_frame v0.3.8
  Downloaded thiserror-impl v2.0.12
  Downloaded powerfmt v0.2.0
  Downloaded thiserror v1.0.69
  Downloaded spinners v4.1.1
  Downloaded toml_write v0.1.1
  Downloaded displaydoc v0.2.5
  Downloaded vergen-lib v0.1.6
  Downloaded litemap v0.8.0
  Downloaded shlex v1.3.0
  Downloaded palette_derive v0.7.6
  Downloaded percent-encoding v2.3.1
  Downloaded strsim v0.11.1
  Downloaded quick-error v2.0.1
  Downloaded jobserver v0.1.33
  Downloaded gif v0.13.1
  Downloaded crossbeam-utils v0.8.21
  Downloaded crossbeam-epoch v0.9.18
  Downloaded time-core v0.1.4
  Downloaded rgb v0.8.50
  Downloaded yoke v0.8.0
  Downloaded tinystr v0.8.1
  Downloaded utf8parse v0.2.2
  Downloaded darling v0.20.11
  Downloaded serde_spanned v0.6.8
  Downloaded bytemuck v1.23.0
  Downloaded bitflags v2.9.1
  Downloaded strum_macros v0.24.3
  Downloaded rustversion v1.0.20
  Downloaded pkg-config v0.3.32
  Downloaded thiserror-impl v1.0.69
  Downloaded ravif v0.11.12
  Downloaded profiling v1.0.16
  Downloaded rand_core v0.6.4
  Downloaded icu_provider v2.0.0
  Downloaded wasm-bindgen-shared v0.2.100
  Downloaded log v0.4.27
  Downloaded litrs v0.4.1
  Downloaded getrandom v0.2.16
  Downloaded utf8_iter v1.0.4
  Downloaded synstructure v0.13.2
  Downloaded writeable v0.6.1
  Downloaded wasm-bindgen-macro v0.2.100
  Downloaded toml_datetime v0.6.9
  Downloaded kmeans_colors v0.6.0
  Downloaded anyhow v1.0.98
  Downloaded clap v4.5.38
  Downloaded num-rational v0.4.2
  Downloaded zune-inflate v0.2.54
  Downloaded zerofrom-derive v0.1.6
  Downloaded zerovec-derive v0.11.1
  Downloaded icu_normalizer v2.0.0
  Downloaded icu_properties v2.0.1
  Downloaded icu_normalizer_data v2.0.0
  Downloaded simd-adler32 v0.3.7
  Downloaded imgref v1.11.0
  Downloaded image-webp v0.2.1
  Downloaded half v2.6.0
  Downloaded vergen v9.0.6
  Downloaded ppv-lite86 v0.2.21
  Downloaded darling_core v0.20.11
  Downloaded shellexpand v3.1.1
  Downloaded smallvec v1.15.0
  Downloaded wasm-bindgen-macro-support v0.2.100
  Downloaded self_cell v1.2.0
  Downloaded quote v1.0.40
  Downloaded icu_locale_core v2.0.0
  Downloaded zerotrie v0.2.2
  Downloaded vergen-git2 v1.0.7
  Downloaded bumpalo v3.17.0
  Downloaded icu_collections v2.0.0
  Downloaded semver v1.0.26
  Downloaded thiserror v2.0.12
  Downloaded indexmap v2.9.0
  Downloaded derive_builder v0.20.2
  Downloaded flate2 v1.1.1
  Downloaded once_cell v1.21.3
  Downloaded owo-colors v4.2.1
  Downloaded proc-macro2 v1.0.95
  Downloaded cc v1.2.23
  Downloaded wasm-bindgen v0.2.100
  Downloaded unicode-ident v1.0.18
  Downloaded time-macros v0.2.22
  Downloaded zerovec v0.11.2
  Downloaded itertools v0.12.1
  Downloaded hashbrown v0.15.3
  Downloaded wasm-bindgen-backend v0.2.100
  Downloaded ryu v1.0.20
  Downloaded idna v1.0.3
  Downloaded icu_properties_data v2.0.1
  Downloaded weezl v0.1.8
  Downloaded itertools v0.14.0
  Downloaded clap_builder v4.5.38
  Downloaded zune-jpeg v0.4.14
  Downloaded fast_image_resize v5.1.4
  Downloaded miniz_oxide v0.8.8
  Downloaded aho-corasick v1.1.3
  Downloaded serde_derive v1.0.219
  Downloaded rayon-core v1.12.1
  Downloaded git2 v0.20.2
  Downloaded exr v1.73.0
  Downloaded image v0.25.6
  Downloaded serde v1.0.219
  Downloaded zerocopy v0.8.25
  Downloaded rand v0.8.5
  Downloaded qoi v0.4.1
  Downloaded url v2.5.4
  Downloaded toml v0.8.22
  Downloaded memchr v2.7.4
  Downloaded wallust_themes v1.1.0
  Downloaded num-bigint v0.4.6
  Downloaded minimal-lexical v0.2.1
  Downloaded nom v7.1.3
  Downloaded toml_edit v0.22.26
  Downloaded png v0.17.16
  Downloaded jpeg-decoder v0.3.1
  Downloaded time v0.3.41
  Downloaded serde_json v1.0.140
  Downloaded libc v0.2.172
  Downloaded libz-sys v1.1.22
  Downloaded minijinja v2.10.2
  Downloaded rayon v1.10.0
  Downloaded winnow v0.7.10
  Downloaded syn v1.0.109
  Downloaded vcpkg v0.2.15
  Downloaded regex v1.11.1
  Downloaded palette v0.7.6
  Downloaded libgit2-sys v0.18.1+1.9.0
  Downloaded syn v2.0.101
  Downloaded regex-syntax v0.8.5
  Downloaded regex-automata v0.4.9
  Downloaded rav1e v0.7.1
  Downloaded tiff v0.9.1
   Compiling proc-macro2 v1.0.95
   Compiling unicode-ident v1.0.18
   Compiling libc v0.2.172
   Compiling serde v1.0.219
   Compiling stable_deref_trait v1.2.0
   Compiling cfg-if v1.0.0
   Compiling rustversion v1.0.20
   Compiling memchr v2.7.4
   Compiling autocfg v1.4.0
   Compiling anyhow v1.0.98
   Compiling itoa v1.0.15
   Compiling serde_json v1.0.140
   Compiling writeable v0.6.1
   Compiling litemap v0.8.0
   Compiling crossbeam-utils v0.8.21
   Compiling fnv v1.0.7
   Compiling strsim v0.11.1
   Compiling ryu v1.0.20
   Compiling ident_case v1.0.1
   Compiling shlex v1.3.0
   Compiling pkg-config v0.3.32
   Compiling icu_properties_data v2.0.1
   Compiling icu_normalizer_data v2.0.0
   Compiling vcpkg v0.2.15
   Compiling thiserror v2.0.12
   Compiling rayon-core v1.12.1
   Compiling smallvec v1.15.0
   Compiling simd-adler32 v0.3.7
   Compiling semver v1.0.26
   Compiling either v1.15.0
   Compiling camino v1.1.9
   Compiling percent-encoding v2.3.1
   Compiling thiserror v1.0.69
   Compiling zerocopy v0.8.25
   Compiling adler2 v2.0.0
   Compiling utf8_iter v1.0.4
   Compiling regex-syntax v0.8.5
   Compiling num-traits v0.2.19
   Compiling miniz_oxide v0.8.8
   Compiling form_urlencoded v1.2.1
   Compiling syn v1.0.109
   Compiling built v0.7.7
   Compiling aligned-vec v0.5.0
   Compiling minimal-lexical v0.2.1
   Compiling paste v1.0.15
   Compiling arrayvec v0.7.6
   Compiling aho-corasick v1.1.3
   Compiling powerfmt v0.2.0
   Compiling quote v1.0.40
   Compiling crc32fast v1.4.2
   Compiling rav1e v0.7.1
   Compiling deranged v0.4.0
   Compiling num-conv v0.1.0
   Compiling bitflags v2.9.1
   Compiling crossbeam-epoch v0.9.18
   Compiling anstyle v1.0.10
   Compiling syn v2.0.101
   Compiling vergen-lib v0.1.6
   Compiling vergen v9.0.6
   Compiling nom v7.1.3
   Compiling vergen-git2 v1.0.7
   Compiling log v0.4.27
   Compiling utf8parse v0.2.2
   Compiling getrandom v0.2.16
   Compiling clap_lex v0.7.4
   Compiling time-core v0.1.4
   Compiling num_threads v0.1.7
   Compiling anstyle-parse v0.2.6
   Compiling crossbeam-deque v0.8.6
   Compiling jobserver v0.1.33
   Compiling rand_core v0.6.4
   Compiling clap_builder v4.5.38
   Compiling simd_helpers v0.1.0
   Compiling flate2 v1.1.1
   Compiling itertools v0.12.1
   Compiling colorchoice v1.0.3
   Compiling imgref v1.11.0
   Compiling quick-error v2.0.1
   Compiling is_terminal_polyfill v1.70.1
   Compiling option-ext v0.2.0
   Compiling equivalent v1.0.2
   Compiling cc v1.2.23
   Compiling time v0.3.41
   Compiling by_address v1.2.1
   Compiling weezl v0.1.8
   Compiling new_debug_unreachable v1.0.6
   Compiling anstyle-query v1.1.2
   Compiling hashbrown v0.15.3
   Compiling heck v0.4.1
   Compiling once_cell v1.21.3
   Compiling bitstream-io v2.6.0
   Compiling num-integer v0.1.46
   Compiling v_frame v0.3.8
   Compiling palette v0.7.6
   Compiling noop_proc_macro v0.3.0
   Compiling anstream v0.6.18
   Compiling loop9 v0.1.5
   Compiling dirs-sys v0.5.0
   Compiling rayon v1.10.0
   Compiling num-bigint v0.4.6
   Compiling avif-serialize v0.8.3
   Compiling zune-inflate v0.2.54
   Compiling fdeflate v0.3.7
   Compiling half v2.6.0
   Compiling indexmap v2.9.0
   Compiling toml_write v0.1.1
   Compiling rgb v0.8.50
   Compiling ppv-lite86 v0.2.21
   Compiling regex-automata v0.4.9
   Compiling litrs v0.4.1
   Compiling zune-core v0.4.12
   Compiling color_quant v1.1.0
   Compiling lebe v0.5.2
   Compiling rand_chacha v0.3.1
   Compiling bit_field v0.10.2
   Compiling owo-colors v4.2.1
   Compiling jpeg-decoder v0.3.1
   Compiling winnow v0.7.10
   Compiling byteorder-lite v0.1.0
   Compiling heck v0.5.0
   Compiling bytemuck v1.23.0
   Compiling fast-srgb8 v1.0.0
   Compiling clap v4.5.38
   Compiling bitflags v1.3.2
   Compiling png v0.17.16
   Compiling document-features v0.2.11
   Compiling rand v0.8.5
   Compiling image-webp v0.2.1
   Compiling exr v1.73.0
   Compiling zune-jpeg v0.4.14
   Compiling qoi v0.4.1
   Compiling gif v0.13.1
   Compiling libz-sys v1.1.22
   Compiling libgit2-sys v0.18.1+1.9.0
   Compiling num-rational v0.4.2
   Compiling tiff v0.9.1
   Compiling dirs v6.0.0
   Compiling av1-grain v0.2.4
   Compiling self_cell v1.2.0
   Compiling memo-map v0.3.3
   Compiling lazy_static v1.5.0
   Compiling strum_macros v0.24.3
   Compiling maplit v1.0.2
   Compiling shellexpand v3.1.1
   Compiling itertools v0.14.0
   Compiling dunce v1.0.5
   Compiling glob v0.3.2
   Compiling fastrand v2.3.0
   Compiling synstructure v0.13.2
   Compiling darling_core v0.20.11
   Compiling regex v1.11.1
   Compiling maybe-rayon v0.1.1
   Compiling strum v0.24.1
   Compiling spinners v4.1.1
   Compiling serde_derive v1.0.219
   Compiling zerofrom-derive v0.1.6
   Compiling yoke-derive v0.8.0
   Compiling zerovec-derive v0.11.1
   Compiling displaydoc v0.2.5
   Compiling thiserror-impl v2.0.12
   Compiling thiserror-impl v1.0.69
   Compiling profiling-procmacros v1.0.16
   Compiling arg_enum_proc_macro v0.3.4
   Compiling num-derive v0.4.2
   Compiling palette_derive v0.7.6
   Compiling clap_derive v4.5.32
   Compiling profiling v1.0.16
   Compiling darling_macro v0.20.11
   Compiling zerofrom v0.1.6
   Compiling fast_image_resize v5.1.4
   Compiling yoke v0.8.0
   Compiling zerovec v0.11.2
   Compiling zerotrie v0.2.2
   Compiling darling v0.20.11
   Compiling derive_builder_core v0.20.2
   Compiling tinystr v0.8.1
   Compiling potential_utf v0.1.2
   Compiling icu_collections v2.0.0
   Compiling derive_builder_macro v0.20.2
   Compiling icu_locale_core v2.0.0
   Compiling derive_builder v0.20.2
   Compiling icu_provider v2.0.0
   Compiling icu_properties v2.0.1
   Compiling icu_normalizer v2.0.0
   Compiling idna_adapter v1.2.1
   Compiling idna v1.0.3
   Compiling url v2.5.4
   Compiling cargo-platform v0.1.9
   Compiling git2 v0.20.2
   Compiling toml_datetime v0.6.9
   Compiling serde_spanned v0.6.8
   Compiling minijinja v2.10.2
   Compiling toml_edit v0.22.26
   Compiling cargo_metadata v0.19.2
   Compiling wallust_themes v1.1.0
   Compiling kmeans_colors v0.6.0
   Compiling ravif v0.11.12
   Compiling toml v0.8.22
   Compiling image v0.25.6
   Compiling wallust v3.3.0
    Finished `release` profile [optimized] target(s) in 1m 07s
  Installing /home/kaustubh/.cargo/bin/wallust
   Installed package `wallust v3.3.0` (executable `wallust`)
[32m[OK](B[m [35mWallust(B[m installed successfully.
Moving Wallust binary to /usr/local/bin...
[32m[OK](B[m Wallust binary moved successfully to /usr/local/bin.
